Microchip MPLAB XC8 Compiler V2.10 ()

Linker command line:

-W-3 --edf=C:\Program Files (x86)\Microchip\xc8\v2.10\pic\dat\en_msgs.txt \
  -cs -h+dist/default/production\MPLabProjects.production.sym \
  --cmf=dist/default/production\MPLabProjects.production.cmf -z -Q18F25K42 \
  -oC:\Users\tocgr\AppData\Local\Temp\s8gs.2 --defsym=__MPLAB_BUILD=1 \
  -Mdist/default/production/MPLabProjects.production.map -E1 -ver=XC8 \
  --acfsm=1493 -ASTACK=060h-07FFh -pstack=STACK -ACODE=00h-07FFFh \
  -ACONST=00h-07FFFh -ASMALLCONST=0800h-08FFhx120 \
  -AMEDIUMCONST=0800h-07FFFh -ACOMRAM=01h-05Fh -AABS1=00h-07FFh \
  -ABIGRAM=01h-07FFh -ARAM=060h-0FFh,0100h-01FFhx7 -ABANK0=060h-0FFh \
  -ABANK1=0100h-01FFh -ABANK2=0200h-02FFh -ABANK3=0300h-03FFh \
  -ABANK4=0400h-04FFh -ABANK5=0500h-05FFh -ABANK6=0600h-06FFh \
  -ABANK7=0700h-07FFh -ASFR=03800h-038FFhx7,03F00h-03F5Fh,03F60h-03FFFh \
  -preset_vec=00h -ppowerup=CODE,init -pramtop=0800h \
  -psmallconst=SMALLCONST -pmediumconst=MEDIUMCONST -pconst=CONST \
  -AFARRAM=00h-00h -ACONFIG=0300000h-0300009h -pconfig=CONFIG \
  -AIDLOC=0200000h-020000Fh -pidloc=IDLOC -AEEDATA=0310000h-03100FFh \
  -peeprom_data=EEDATA \
  -prdata=COMRAM,nvrram=COMRAM,nvbit=COMRAM,rbss=COMRAM,rbit=COMRAM \
  -pfarbss=FARRAM,fardata=FARRAM,nvFARRAM=FARRAM \
  -pintsave_regs=BIGRAM,bigbss=BIGRAM,bigdata=BIGRAM -pbss=RAM \
  -pidata=CODE,irdata=CODE,ibigdata=CODE,ifardata=CODE -prparam=COMRAM \
  C:\Users\tocgr\AppData\Local\Temp\s8gs.o \
  dist/default/production\MPLabProjects.production.o 

Object code version is 3.11

Machine type is 18F25K42

Call graph: (short form)




                Name                               Link     Load   Length Selector   Space Scale
C:\Users\tocgr\AppData\Local\Temp\s8gs.o
                init                               7FFC     7FFC        4     3FFE       0
                reset_vec                             0        0        4        0       0
                idloc                            200000   200000       10   200000       0
                config                           300000   300000        A   300000       0
dist/default/production\MPLabProjects.production.o
                text10                             7D2C     7D2C       18     3E96       0
                text9                              7E94     7E94       62     3F4A       0
                text8                              7D44     7D44       24     3EA2       0
                text7                              7D1E     7D1E        E     3E8F       0
                text6                              7D68     7D68       26     3EB4       0
                text5                              7DDA     7DDA       3E     3EED       0
                text4                              7D8E     7D8E       26     3EC7       0
                text3                              7E18     7E18       3E     3F0C       0
                text2                              7DB4     7DB4       26     3EDA       0
                text1                              7E56     7E56       3E     3F2B       0
                text0                              7EF6     7EF6      106     3F7B       0
                cstackCOMRAM                          1        1        C        1       1
                cinit                              7D18     7D18        6     3E8C       0

TOTAL           Name                               Link     Load   Length     Space
        CLASS   STACK          

        CLASS   CODE           
                init                               7FFC     7FFC        4         0
                reset_vec                             0        0        4         0
                text10                             7D2C     7D2C       18         0
                text9                              7E94     7E94       62         0
                text8                              7D44     7D44       24         0
                text7                              7D1E     7D1E        E         0
                text6                              7D68     7D68       26         0
                text5                              7DDA     7DDA       3E         0
                text4                              7D8E     7D8E       26         0
                text3                              7E18     7E18       3E         0
                text2                              7DB4     7DB4       26         0
                text1                              7E56     7E56       3E         0
                text0                              7EF6     7EF6      106         0
                cinit                              7D18     7D18        6         0

        CLASS   CONST          

        CLASS   SMALLCONST     

        CLASS   MEDIUMCONST    

        CLASS   COMRAM         
                cstackCOMRAM                          1        1        C         1

        CLASS   ABS1           

        CLASS   BIGRAM         

        CLASS   RAM            

        CLASS   BANK0          

        CLASS   BANK1          

        CLASS   BANK2          

        CLASS   BANK3          

        CLASS   BANK4          

        CLASS   BANK5          

        CLASS   BANK6          

        CLASS   BANK7          

        CLASS   SFR            

        CLASS   FARRAM         

        CLASS   CONFIG         
                config                           300000   300000        A         0

        CLASS   IDLOC          
                idloc                            200000   200000       10         0

        CLASS   EEDATA         



SEGMENTS        Name                           Load    Length   Top    Selector   Space  Class

                reset_vec                      000000  000004  000004         0       0  CODE    
                cstackCOMRAM                   000001  00000C  00000D         1       1  COMRAM  
                cinit                          007D18  000006  007D1E      3E8C       0  CODE    
                text7                          007D1E  00000E  007D2C      3E8F       0  CODE    
                text10                         007D2C  000018  007D44      3E96       0  CODE    
                text8                          007D44  000024  007D68      3EA2       0  CODE    
                text6                          007D68  000026  007D8E      3EB4       0  CODE    
                text4                          007D8E  000026  007DB4      3EC7       0  CODE    
                text2                          007DB4  000026  007DDA      3EDA       0  CODE    
                text5                          007DDA  00003E  007E18      3EED       0  CODE    
                text3                          007E18  00003E  007E56      3F0C       0  CODE    
                text1                          007E56  00003E  007E94      3F2B       0  CODE    
                text9                          007E94  000062  007EF6      3F4A       0  CODE    
                text0                          007EF6  000106  007FFC      3F7B       0  CODE    
                init                           007FFC  000004  008000      3FFE       0  CODE    
                idloc                          200000  000010  200010    200000       0  IDLOC   
                config                         300000  00000A  30000A    300000       0  CONFIG  


UNUSED ADDRESS RANGES

        Name                Unused          Largest block    Delta
        BANK0            000060-0000FF               A0
        BANK1            000100-0001FF              100
        BANK2            000200-0002FF              100
        BANK3            000300-0003FF              100
        BANK4            000400-0004FF              100
        BANK5            000500-0005FF              100
        BANK6            000600-0006FF              100
        BANK7            000700-0007FF              100
        BIGRAM           00000D-0007FF              7F3
        CODE             000004-007D17             7D14
        COMRAM           00000D-00005F               53
        CONST            000004-007D17             7D14
        EEDATA           310000-3100FF              100
        MEDIUMCONST      000800-007D17             7518
        RAM              000060-0007FF              100
        SFR              003800-003FFF              100
        SMALLCONST       000800-007D17              100
        STACK            000060-0007FF              7A0

                                  Symbol Table

_ANSELA                               (abs)        003A40
_ANSELB                               (abs)        003A50
_ANSELC                               (abs)        003A60
_INLVLA                               (abs)        003A44
_INLVLB                               (abs)        003A54
_INLVLC                               (abs)        003A64
_INLVLE                               (abs)        003A84
_LATA                                 (abs)        003FBA
_LATB                                 (abs)        003FBB
_LATC                                 (abs)        003FBC
_ODCONA                               (abs)        003A42
_ODCONB                               (abs)        003A52
_ODCONC                               (abs)        003A62
_OSCCON1                              (abs)        0039D9
_OSCCON3                              (abs)        0039DB
_OSCEN                                (abs)        0039DD
_OSCFRQ                               (abs)        0039DF
_OSCILLATOR_Initialize                text10       007D2C
_OSCTUNE                              (abs)        0039DE
_PIN_MANAGER_Initialize               text9        007E94
_PIR4                                 (abs)        0039A4
_PIR7                                 (abs)        0039A7
_PIR9                                 (abs)        0039A9
_PMD0                                 (abs)        0039C0
_PMD1                                 (abs)        0039C1
_PMD2                                 (abs)        0039C2
_PMD3                                 (abs)        0039C3
_PMD4                                 (abs)        0039C4
_PMD5                                 (abs)        0039C5
_PMD6                                 (abs)        0039C6
_PMD7                                 (abs)        0039C7
_PMD_Initialize                       text8        007D44
_PORTA                                (abs)        003FCA
_PWM5CON                              (abs)        003F6E
_PWM5DCH                              (abs)        003F6D
_PWM5DCL                              (abs)        003F6C
_PWM6CON                              (abs)        003F6A
_PWM6DCH                              (abs)        003F69
_PWM6DCL                              (abs)        003F68
_PWM7CON                              (abs)        003F66
_PWM7DCH                              (abs)        003F65
_PWM7DCL                              (abs)        003F64
_RA0PPS                               (abs)        003A00
_RA1PPS                               (abs)        003A01
_RA2PPS                               (abs)        003A02
_RB1I2C                               (abs)        003A5A
_RB2I2C                               (abs)        003A5B
_RC3I2C                               (abs)        003A6A
_RC4I2C                               (abs)        003A6B
_SLRCONA                              (abs)        003A43
_SLRCONB                              (abs)        003A53
_SLRCONC                              (abs)        003A63
_SMT1SIGPPS                           (abs)        003AD2
_SMT1WINPPS                           (abs)        003AD1
_SYSTEM_Initialize                    text7        007D1E
_T2CLK                                (abs)        003FAE
_T2CON                                (abs)        003FAC
_T2PR                                 (abs)        003FAB
_T4CLK                                (abs)        003FA2
_T4CON                                (abs)        003FA0
_T4PR                                 (abs)        003F9F
_T6CLK                                (abs)        003F96
_T6CON                                (abs)        003F94
_T6PR                                 (abs)        003F93
_TMR2IF                               (abs)        01CD22
_TMR4IF                               (abs)        01CD38
_TMR6IF                               (abs)        01CD48
_TRISA                                (abs)        003FC2
_TRISB                                (abs)        003FC3
_TRISC                                (abs)        003FC4
_WPUA                                 (abs)        003A41
_WPUB                                 (abs)        003A51
_WPUC                                 (abs)        003A61
_WPUE                                 (abs)        003A81
__CFG_BBEN$OFF                        (abs)        000000
__CFG_BBSIZE$BBSIZE_512               (abs)        000000
__CFG_BOREN$SBORDIS                   (abs)        000000
__CFG_BORV$VBOR_2P45                  (abs)        000000
__CFG_CLKOUTEN$OFF                    (abs)        000000
__CFG_CP$OFF                          (abs)        000000
__CFG_CSWEN$ON                        (abs)        000000
__CFG_DEBUG$OFF                       (abs)        000000
__CFG_FCMEN$ON                        (abs)        000000
__CFG_FEXTOSC$OFF                     (abs)        000000
__CFG_IVT1WAY$ON                      (abs)        000000
__CFG_LPBOREN$OFF                     (abs)        000000
__CFG_LVP$ON                          (abs)        000000
__CFG_MCLRE$EXTMCLR                   (abs)        000000
__CFG_MVECEN$OFF                      (abs)        000000
__CFG_PPS1WAY$ON                      (abs)        000000
__CFG_PR1WAY$ON                       (abs)        000000
__CFG_PWRTS$PWRT_OFF                  (abs)        000000
__CFG_RSTOSC$HFINTOSC_1MHZ            (abs)        000000
__CFG_SAFEN$OFF                       (abs)        000000
__CFG_STVREN$ON                       (abs)        000000
__CFG_WDTCCS$SC                       (abs)        000000
__CFG_WDTCPS$WDTCPS_31                (abs)        000000
__CFG_WDTCWS$WDTCWS_7                 (abs)        000000
__CFG_WDTE$OFF                        (abs)        000000
__CFG_WRTAPP$OFF                      (abs)        000000
__CFG_WRTB$OFF                        (abs)        000000
__CFG_WRTC$OFF                        (abs)        000000
__CFG_WRTD$OFF                        (abs)        000000
__CFG_WRTSAF$OFF                      (abs)        000000
__CFG_XINST$OFF                       (abs)        000000
__CFG_ZCD$OFF                         (abs)        000000
__HRAM                                (abs)        000000
__Habs1                               abs1         000000
__Hbank0                              bank0        000000
__Hbank1                              bank1        000000
__Hbank2                              bank2        000000
__Hbank3                              bank3        000000
__Hbank4                              bank4        000000
__Hbank5                              bank5        000000
__Hbank6                              bank6        000000
__Hbank7                              bank7        000000
__Hbigbss                             bigbss       000000
__Hbigdata                            bigdata      000000
__Hbigram                             bigram       000000
__Hbss                                bss          000000
__Hcinit                              cinit        000000
__Hclrtext                            clrtext      000000
__Hcomram                             comram       000000
__Hconfig                             config       30000A
__Hconst                              const        000000
__HcstackCOMRAM                       cstackCOMRAM 000000
__Hdata                               data         000000
__Heeprom_data                        eeprom_data  000000
__Hfarbss                             farbss       000000
__Hfardata                            fardata      000000
__Hibigdata                           ibigdata     000000
__Hidata                              idata        000000
__Hidloc                              idloc        200010
__Hifardata                           ifardata     000000
__Hinit                               init         008000
__Hintsave_regs                       intsave_regs 000000
__Hirdata                             irdata       000000
__Hmediumconst                        mediumconst  000000
__HnvFARRAM                           nvFARRAM     000000
__Hnvbit                              nvbit        000000
__Hnvrram                             nvrram       000000
__Hparam                              rparam       000000
__Hpowerup                            powerup      000000
__Hram                                ram          000000
__Hramtop                             ramtop       000800
__Hrbit                               rbit         000000
__Hrbss                               rbss         000000
__Hrdata                              rdata        000000
__Hreset_vec                          reset_vec    000004
__Hrparam                             rparam       000000
__Hsfr                                sfr          000000
__Hsmallconst                         smallconst   000000
__Hspace_0                            (abs)        30000A
__Hspace_1                            (abs)        00000D
__Hspace_2                            (abs)        000000
__Hstack                              stack        000000
__Hstruct                             struct       000000
__Htemp                               temp         000000
__Htext                               text         000000
__Htext0                              text0        000000
__Htext1                              text1        000000
__Htext10                             text10       000000
__Htext2                              text2        000000
__Htext3                              text3        000000
__Htext4                              text4        000000
__Htext5                              text5        000000
__Htext6                              text6        000000
__Htext7                              text7        000000
__Htext8                              text8        000000
__Htext9                              text9        000000
__LRAM                                (abs)        000001
__Labs1                               abs1         000000
__Lbank0                              bank0        000000
__Lbank1                              bank1        000000
__Lbank2                              bank2        000000
__Lbank3                              bank3        000000
__Lbank4                              bank4        000000
__Lbank5                              bank5        000000
__Lbank6                              bank6        000000
__Lbank7                              bank7        000000
__Lbigbss                             bigbss       000000
__Lbigdata                            bigdata      000000
__Lbigram                             bigram       000000
__Lbss                                bss          000000
__Lcinit                              cinit        000000
__Lclrtext                            clrtext      000000
__Lcomram                             comram       000000
__Lconfig                             config       300000
__Lconst                              const        000000
__LcstackCOMRAM                       cstackCOMRAM 000000
__Ldata                               data         000000
__Leeprom_data                        eeprom_data  000000
__Lfarbss                             farbss       000000
__Lfardata                            fardata      000000
__Libigdata                           ibigdata     000000
__Lidata                              idata        000000
__Lidloc                              idloc        200000
__Lifardata                           ifardata     000000
__Linit                               init         007FFC
__Lintsave_regs                       intsave_regs 000000
__Lirdata                             irdata       000000
__Lmediumconst                        mediumconst  000000
__LnvFARRAM                           nvFARRAM     000000
__Lnvbit                              nvbit        000000
__Lnvrram                             nvrram       000000
__Lparam                              rparam       000000
__Lpowerup                            powerup      000000
__Lram                                ram          000000
__Lramtop                             ramtop       000800
__Lrbit                               rbit         000000
__Lrbss                               rbss         000000
__Lrdata                              rdata        000000
__Lreset_vec                          reset_vec    000000
__Lrparam                             rparam       000000
__Lsfr                                sfr          000000
__Lsmallconst                         smallconst   000000
__Lspace_0                            (abs)        000000
__Lspace_1                            (abs)        000000
__Lspace_2                            (abs)        000000
__Lstack                              stack        000000
__Lstruct                             struct       000000
__Ltemp                               temp         000000
__Ltext                               text         000000
__Ltext0                              text0        000000
__Ltext1                              text1        000000
__Ltext10                             text10       000000
__Ltext2                              text2        000000
__Ltext3                              text3        000000
__Ltext4                              text4        000000
__Ltext5                              text5        000000
__Ltext6                              text6        000000
__Ltext7                              text7        000000
__Ltext8                              text8        000000
__Ltext9                              text9        000000
__S0                                  (abs)        30000A
__S1                                  (abs)        00000D
__S2                                  (abs)        000000
___inthi_sp                           stack        000000
___intlo_sp                           stack        000000
___param_bank                         (abs)        000000
___rparam_used                        (abs)        000001
___sp                                 stack        000000
__accesstop                           (abs)        000060
__activetblptr                        (abs)        000000
__end_of_OSCILLATOR_Initialize        text10       007D44
__end_of_PIN_MANAGER_Initialize       text9        007EF6
__end_of_PMD_Initialize               text8        007D68
__end_of_SYSTEM_Initialize            text7        007D2C
__end_of__initialization              cinit        007D18
__end_of_main                         text0        007FFC
__end_of_vHILPWM5_Init                text5        007E18
__end_of_vHILPWM5_SetDutyCycle        text6        007D8E
__end_of_vHILPWM6_Init                text3        007E56
__end_of_vHILPWM6_SetDutyCycle        text4        007DB4
__end_of_vHILPWM7_Init                text1        007E94
__end_of_vHILPWM7_SetDutyCycle        text2        007DDA
__initialization                      cinit        007D18
__mediumconst                         mediumconst  000000
__pcinit                              cinit        007D18
__pcstackCOMRAM                       cstackCOMRAM 000001
__ptext0                              text0        007EF6
__ptext1                              text1        007E56
__ptext10                             text10       007D2C
__ptext2                              text2        007DB4
__ptext3                              text3        007E18
__ptext4                              text4        007D8E
__ptext5                              text5        007DDA
__ptext6                              text6        007D68
__ptext7                              text7        007D1E
__ptext8                              text8        007D44
__ptext9                              text9        007E94
__ramtop                              ramtop       000800
__size_of_OSCILLATOR_Initialize       (abs)        000000
__size_of_PIN_MANAGER_Initialize      (abs)        000000
__size_of_PMD_Initialize              (abs)        000000
__size_of_SYSTEM_Initialize           (abs)        000000
__size_of_main                        (abs)        000000
__size_of_vHILPWM5_Init               (abs)        000000
__size_of_vHILPWM5_SetDutyCycle       (abs)        000000
__size_of_vHILPWM6_Init               (abs)        000000
__size_of_vHILPWM6_SetDutyCycle       (abs)        000000
__size_of_vHILPWM7_Init               (abs)        000000
__size_of_vHILPWM7_SetDutyCycle       (abs)        000000
__smallconst                          smallconst   000000
_main                                 text0        007EF6
_vHILPWM5_Init                        text5        007DDA
_vHILPWM5_SetDutyCycle                text6        007D68
_vHILPWM6_Init                        text3        007E18
_vHILPWM6_SetDutyCycle                text4        007D8E
_vHILPWM7_Init                        text1        007E56
_vHILPWM7_SetDutyCycle                text2        007DB4
end_of_initialization                 cinit        007D18
intlevel0                             text         000000
intlevel1                             text         000000
intlevel2                             text         000000
intlevel3                             text         000000
main@__u16_Counter                    cstackCOMRAM 000009
main@__u16_Counter2                   cstackCOMRAM 00000B
main@_u8_VitesseDescente              cstackCOMRAM 000008
main@_u8_VitesseMontee                cstackCOMRAM 000007
stackhi                               (abs)        0007FF
stacklo                               (abs)        000060
start                                 init         007FFC
start_initialization                  cinit        007D18
vHILPWM5_SetDutyCycle@__u16_DutyCycle cstackCOMRAM 000001
vHILPWM6_SetDutyCycle@__u16_DutyCycle cstackCOMRAM 000001
vHILPWM7_SetDutyCycle@__u16_DutyCycle cstackCOMRAM 000001


FUNCTION INFORMATION:

 *************** function _main *****************
 Defined at:
		line 9 in file "main.c"
 Parameters:    Size  Location     Type
		None
 Auto vars:     Size  Location     Type
  __u16_Counte    2   10[COMRAM] unsigned short 
  __u16_Counte    2    8[COMRAM] unsigned short 
  _u8_VitesseD    1    7[COMRAM] unsigned char 
  _u8_VitesseM    1    6[COMRAM] unsigned char 
 Return value:  Size  Location     Type
                  1    wreg      void 
 Registers used:
		wreg, status,2, status,0, cstack
 Tracked objects:
		On entry : 
		On exit  : 
		Unchanged: 
 Data sizes:     COMRAM   BANK0   BANK1   BANK2   BANK3   BANK4   BANK5   BANK6   BANK7
      Params:         0       0       0       0       0       0       0       0       0
      Locals:         6       0       0       0       0       0       0       0       0
      Temps:          2       0       0       0       0       0       0       0       0
      Totals:         8       0       0       0       0       0       0       0       0
Total ram usage:        8 bytes
 Hardware stack levels required when called:    2
 This function calls:
		_SYSTEM_Initialize
		_vHILPWM5_Init
		_vHILPWM5_SetDutyCycle
		_vHILPWM6_Init
		_vHILPWM6_SetDutyCycle
		_vHILPWM7_Init
		_vHILPWM7_SetDutyCycle
 This function is called by:
		Startup code after reset
 This function uses a non-reentrant model


 *************** function _vHILPWM7_Init *****************
 Defined at:
		line 84 in file "src/HIL/hil_pwm.c"
 Parameters:    Size  Location     Type
		None
 Auto vars:     Size  Location     Type
		None
 Return value:  Size  Location     Type
                  1    wreg      void 
 Registers used:
		wreg, status,2, status,0, cstack
 Tracked objects:
		On entry : 
		On exit  : 
		Unchanged: 
 Data sizes:     COMRAM   BANK0   BANK1   BANK2   BANK3   BANK4   BANK5   BANK6   BANK7
      Params:         0       0       0       0       0       0       0       0       0
      Locals:         0       0       0       0       0       0       0       0       0
      Temps:          0       0       0       0       0       0       0       0       0
      Totals:         0       0       0       0       0       0       0       0       0
Total ram usage:        0 bytes
 Hardware stack levels used:    1
 Hardware stack levels required when called:    1
 This function calls:
		_vHILPWM7_SetDutyCycle
 This function is called by:
		_main
 This function uses a non-reentrant model


 *************** function _vHILPWM7_SetDutyCycle *****************
 Defined at:
		line 140 in file "src/HIL/hil_pwm.c"
 Parameters:    Size  Location     Type
  __u16_DutyCy    2    0[COMRAM] unsigned short 
 Auto vars:     Size  Location     Type
		None
 Return value:  Size  Location     Type
                  1    wreg      void 
 Registers used:
		wreg, status,2, status,0
 Tracked objects:
		On entry : 
		On exit  : 
		Unchanged: 
 Data sizes:     COMRAM   BANK0   BANK1   BANK2   BANK3   BANK4   BANK5   BANK6   BANK7
      Params:         2       0       0       0       0       0       0       0       0
      Locals:         0       0       0       0       0       0       0       0       0
      Temps:          2       0       0       0       0       0       0       0       0
      Totals:         4       0       0       0       0       0       0       0       0
Total ram usage:        4 bytes
 Hardware stack levels used:    1
 This function calls:
		Nothing
 This function is called by:
		_main
		_vHILPWM7_Init
 This function uses a non-reentrant model


 *************** function _vHILPWM6_Init *****************
 Defined at:
		line 48 in file "src/HIL/hil_pwm.c"
 Parameters:    Size  Location     Type
		None
 Auto vars:     Size  Location     Type
		None
 Return value:  Size  Location     Type
                  1    wreg      void 
 Registers used:
		wreg, status,2, status,0, cstack
 Tracked objects:
		On entry : 
		On exit  : 
		Unchanged: 
 Data sizes:     COMRAM   BANK0   BANK1   BANK2   BANK3   BANK4   BANK5   BANK6   BANK7
      Params:         0       0       0       0       0       0       0       0       0
      Locals:         0       0       0       0       0       0       0       0       0
      Temps:          0       0       0       0       0       0       0       0       0
      Totals:         0       0       0       0       0       0       0       0       0
Total ram usage:        0 bytes
 Hardware stack levels used:    1
 Hardware stack levels required when called:    1
 This function calls:
		_vHILPWM6_SetDutyCycle
 This function is called by:
		_main
 This function uses a non-reentrant model


 *************** function _vHILPWM6_SetDutyCycle *****************
 Defined at:
		line 130 in file "src/HIL/hil_pwm.c"
 Parameters:    Size  Location     Type
  __u16_DutyCy    2    0[COMRAM] unsigned short 
 Auto vars:     Size  Location     Type
		None
 Return value:  Size  Location     Type
                  1    wreg      void 
 Registers used:
		wreg, status,2, status,0
 Tracked objects:
		On entry : 
		On exit  : 
		Unchanged: 
 Data sizes:     COMRAM   BANK0   BANK1   BANK2   BANK3   BANK4   BANK5   BANK6   BANK7
      Params:         2       0       0       0       0       0       0       0       0
      Locals:         0       0       0       0       0       0       0       0       0
      Temps:          2       0       0       0       0       0       0       0       0
      Totals:         4       0       0       0       0       0       0       0       0
Total ram usage:        4 bytes
 Hardware stack levels used:    1
 This function calls:
		Nothing
 This function is called by:
		_main
		_vHILPWM6_Init
 This function uses a non-reentrant model


 *************** function _vHILPWM5_Init *****************
 Defined at:
		line 12 in file "src/HIL/hil_pwm.c"
 Parameters:    Size  Location     Type
		None
 Auto vars:     Size  Location     Type
		None
 Return value:  Size  Location     Type
                  1    wreg      void 
 Registers used:
		wreg, status,2, status,0, cstack
 Tracked objects:
		On entry : 
		On exit  : 
		Unchanged: 
 Data sizes:     COMRAM   BANK0   BANK1   BANK2   BANK3   BANK4   BANK5   BANK6   BANK7
      Params:         0       0       0       0       0       0       0       0       0
      Locals:         0       0       0       0       0       0       0       0       0
      Temps:          0       0       0       0       0       0       0       0       0
      Totals:         0       0       0       0       0       0       0       0       0
Total ram usage:        0 bytes
 Hardware stack levels used:    1
 Hardware stack levels required when called:    1
 This function calls:
		_vHILPWM5_SetDutyCycle
 This function is called by:
		_main
 This function uses a non-reentrant model


 *************** function _vHILPWM5_SetDutyCycle *****************
 Defined at:
		line 120 in file "src/HIL/hil_pwm.c"
 Parameters:    Size  Location     Type
  __u16_DutyCy    2    0[COMRAM] unsigned short 
 Auto vars:     Size  Location     Type
		None
 Return value:  Size  Location     Type
                  1    wreg      void 
 Registers used:
		wreg, status,2, status,0
 Tracked objects:
		On entry : 
		On exit  : 
		Unchanged: 
 Data sizes:     COMRAM   BANK0   BANK1   BANK2   BANK3   BANK4   BANK5   BANK6   BANK7
      Params:         2       0       0       0       0       0       0       0       0
      Locals:         0       0       0       0       0       0       0       0       0
      Temps:          2       0       0       0       0       0       0       0       0
      Totals:         4       0       0       0       0       0       0       0       0
Total ram usage:        4 bytes
 Hardware stack levels used:    1
 This function calls:
		Nothing
 This function is called by:
		_main
		_vHILPWM5_Init
 This function uses a non-reentrant model


 *************** function _SYSTEM_Initialize *****************
 Defined at:
		line 50 in file "mcc_generated_files/mcc.c"
 Parameters:    Size  Location     Type
		None
 Auto vars:     Size  Location     Type
		None
 Return value:  Size  Location     Type
                  1    wreg      void 
 Registers used:
		wreg, status,2, cstack
 Tracked objects:
		On entry : 
		On exit  : 
		Unchanged: 
 Data sizes:     COMRAM   BANK0   BANK1   BANK2   BANK3   BANK4   BANK5   BANK6   BANK7
      Params:         0       0       0       0       0       0       0       0       0
      Locals:         0       0       0       0       0       0       0       0       0
      Temps:          0       0       0       0       0       0       0       0       0
      Totals:         0       0       0       0       0       0       0       0       0
Total ram usage:        0 bytes
 Hardware stack levels used:    1
 Hardware stack levels required when called:    1
 This function calls:
		_OSCILLATOR_Initialize
		_PIN_MANAGER_Initialize
		_PMD_Initialize
 This function is called by:
		_main
 This function uses a non-reentrant model


 *************** function _PMD_Initialize *****************
 Defined at:
		line 71 in file "mcc_generated_files/mcc.c"
 Parameters:    Size  Location     Type
		None
 Auto vars:     Size  Location     Type
		None
 Return value:  Size  Location     Type
                  1    wreg      void 
 Registers used:
		wreg, status,2
 Tracked objects:
		On entry : 
		On exit  : 
		Unchanged: 
 Data sizes:     COMRAM   BANK0   BANK1   BANK2   BANK3   BANK4   BANK5   BANK6   BANK7
      Params:         0       0       0       0       0       0       0       0       0
      Locals:         0       0       0       0       0       0       0       0       0
      Temps:          0       0       0       0       0       0       0       0       0
      Totals:         0       0       0       0       0       0       0       0       0
Total ram usage:        0 bytes
 Hardware stack levels used:    1
 This function calls:
		Nothing
 This function is called by:
		_SYSTEM_Initialize
 This function uses a non-reentrant model


 *************** function _PIN_MANAGER_Initialize *****************
 Defined at:
		line 55 in file "mcc_generated_files/pin_manager.c"
 Parameters:    Size  Location     Type
		None
 Auto vars:     Size  Location     Type
		None
 Return value:  Size  Location     Type
                  1    wreg      void 
 Registers used:
		wreg, status,2
 Tracked objects:
		On entry : 
		On exit  : 
		Unchanged: 
 Data sizes:     COMRAM   BANK0   BANK1   BANK2   BANK3   BANK4   BANK5   BANK6   BANK7
      Params:         0       0       0       0       0       0       0       0       0
      Locals:         0       0       0       0       0       0       0       0       0
      Temps:          0       0       0       0       0       0       0       0       0
      Totals:         0       0       0       0       0       0       0       0       0
Total ram usage:        0 bytes
 Hardware stack levels used:    1
 This function calls:
		Nothing
 This function is called by:
		_SYSTEM_Initialize
 This function uses a non-reentrant model


 *************** function _OSCILLATOR_Initialize *****************
 Defined at:
		line 57 in file "mcc_generated_files/mcc.c"
 Parameters:    Size  Location     Type
		None
 Auto vars:     Size  Location     Type
		None
 Return value:  Size  Location     Type
                  1    wreg      void 
 Registers used:
		wreg, status,2
 Tracked objects:
		On entry : 
		On exit  : 
		Unchanged: 
 Data sizes:     COMRAM   BANK0   BANK1   BANK2   BANK3   BANK4   BANK5   BANK6   BANK7
      Params:         0       0       0       0       0       0       0       0       0
      Locals:         0       0       0       0       0       0       0       0       0
      Temps:          0       0       0       0       0       0       0       0       0
      Totals:         0       0       0       0       0       0       0       0       0
Total ram usage:        0 bytes
 Hardware stack levels used:    1
 This function calls:
		Nothing
 This function is called by:
		_SYSTEM_Initialize
 This function uses a non-reentrant model



MODULE INFORMATION

Module		Function		Class		Link	Load	Size
mcc_generated_files/pin_manager.c
		_PIN_MANAGER_Initialize		CODE           	7E94	0000	99

mcc_generated_files/pin_manager.c estimated size: 99

src/HIL/hil_pwm.c
		_vHILPWM5_Init 		CODE           	7DDA	0000	63
		_vHILPWM6_Init 		CODE           	7E18	0000	63
		_vHILPWM7_Init 		CODE           	7E56	0000	63
		_vHILPWM5_SetDutyCycle		CODE           	7D68	0000	39
		_vHILPWM6_SetDutyCycle		CODE           	7D8E	0000	39
		_vHILPWM7_SetDutyCycle		CODE           	7DB4	0000	39

src/HIL/hil_pwm.c estimated size: 306

shared
		__initialization		CODE           	7D18	0000	1

shared estimated size: 1

mcc_generated_files/mcc.c
		_PMD_Initialize		CODE           	7D44	0000	37
		_OSCILLATOR_Initialize		CODE           	7D2C	0000	25
		_SYSTEM_Initialize		CODE           	7D1E	0000	15

mcc_generated_files/mcc.c estimated size: 77

main.c
		_main          		CODE           	7EF6	0000	263

main.c estimated size: 263

