Microchip MPLAB XC8 Compiler V2.10 ()

Linker command line:

-W-3 --edf=C:\Program Files (x86)\Microchip\xc8\v2.10\pic\dat\en_msgs.txt \
  -cs -h+dist/default/production\MPLabProjects.production.sym \
  --cmf=dist/default/production\MPLabProjects.production.cmf -z -Q18F25K42 \
  -oC:\Users\tocgr\AppData\Local\Temp\sfa0.2 --defsym=__MPLAB_BUILD=1 \
  -Mdist/default/production/MPLabProjects.production.map -E1 -ver=XC8 \
  --acfsm=1493 -ASTACK=060h-07FFh -pstack=STACK -ACODE=00h-07FFFh \
  -ACONST=00h-07FFFh -ASMALLCONST=0800h-08FFhx120 \
  -AMEDIUMCONST=0800h-07FFFh -ACOMRAM=01h-05Fh -AABS1=00h-07FFh \
  -ABIGRAM=01h-07FFh -ARAM=060h-0FFh,0100h-01FFhx7 -ABANK0=060h-0FFh \
  -ABANK1=0100h-01FFh -ABANK2=0200h-02FFh -ABANK3=0300h-03FFh \
  -ABANK4=0400h-04FFh -ABANK5=0500h-05FFh -ABANK6=0600h-06FFh \
  -ABANK7=0700h-07FFh -ASFR=03800h-038FFhx7,03F00h-03F5Fh,03F60h-03FFFh \
  -preset_vec=00h -ppowerup=CODE,init -pramtop=0800h \
  -psmallconst=SMALLCONST -pmediumconst=MEDIUMCONST -pconst=CONST \
  -AFARRAM=00h-00h -ACONFIG=0300000h-0300009h -pconfig=CONFIG \
  -AIDLOC=0200000h-020000Fh -pidloc=IDLOC -AEEDATA=0310000h-03100FFh \
  -peeprom_data=EEDATA \
  -prdata=COMRAM,nvrram=COMRAM,nvbit=COMRAM,rbss=COMRAM,rbit=COMRAM \
  -pfarbss=FARRAM,fardata=FARRAM,nvFARRAM=FARRAM \
  -pintsave_regs=BIGRAM,bigbss=BIGRAM,bigdata=BIGRAM -pbss=RAM \
  -pidata=CODE,irdata=CODE,ibigdata=CODE,ifardata=CODE -prparam=COMRAM \
  C:\Users\tocgr\AppData\Local\Temp\sfa0.o \
  dist/default/production\MPLabProjects.production.o 

Object code version is 3.11

Machine type is 18F25K42

Call graph: (short form)




                Name                               Link     Load   Length Selector   Space Scale
C:\Users\tocgr\AppData\Local\Temp\sfa0.o
                init                               7FFC     7FFC        4     3FFE       0
                reset_vec                             0        0        4        0       0
                idloc                            200000   200000       10   200000       0
                config                           300000   300000        A   300000       0
dist/default/production\MPLabProjects.production.o
                text8                              7EF2     7EF2       18     3F79       0
                text7                              7F9A     7F9A       62     3FCD       0
                text6                              7F0A     7F0A       24     3F85       0
                text5                              7F2E     7F2E       28     3F97       0
                text4                              7EE0     7EE0       12     3F70       0
                text3                              7ECE     7ECE        4     3F67       0
                text2                              7ED2     7ED2        4     3F69       0
                text1                              7ED6     7ED6        4     3F6B       0
                text0                              7F56     7F56       44     3FAB       0
                cstackCOMRAM                          1        1        2        1       1
                cinit                              7EDA     7EDA        6     3F6D       0

TOTAL           Name                               Link     Load   Length     Space
        CLASS   STACK          

        CLASS   CODE           
                init                               7FFC     7FFC        4         0
                reset_vec                             0        0        4         0
                text8                              7EF2     7EF2       18         0
                text7                              7F9A     7F9A       62         0
                text6                              7F0A     7F0A       24         0
                text5                              7F2E     7F2E       28         0
                text4                              7EE0     7EE0       12         0
                text3                              7ECE     7ECE        4         0
                text2                              7ED2     7ED2        4         0
                text1                              7ED6     7ED6        4         0
                text0                              7F56     7F56       44         0
                cinit                              7EDA     7EDA        6         0

        CLASS   CONST          

        CLASS   SMALLCONST     

        CLASS   MEDIUMCONST    

        CLASS   COMRAM         
                cstackCOMRAM                          1        1        2         1

        CLASS   ABS1           

        CLASS   BIGRAM         

        CLASS   RAM            

        CLASS   BANK0          

        CLASS   BANK1          

        CLASS   BANK2          

        CLASS   BANK3          

        CLASS   BANK4          

        CLASS   BANK5          

        CLASS   BANK6          

        CLASS   BANK7          

        CLASS   SFR            

        CLASS   FARRAM         

        CLASS   CONFIG         
                config                           300000   300000        A         0

        CLASS   IDLOC          
                idloc                            200000   200000       10         0

        CLASS   EEDATA         



SEGMENTS        Name                           Load    Length   Top    Selector   Space  Class

                reset_vec                      000000  000004  000004         0       0  CODE    
                cstackCOMRAM                   000001  000002  000003         1       1  COMRAM  
                text3                          007ECE  000004  007ED2      3F67       0  CODE    
                text2                          007ED2  000004  007ED6      3F69       0  CODE    
                text1                          007ED6  000004  007EDA      3F6B       0  CODE    
                cinit                          007EDA  000006  007EE0      3F6D       0  CODE    
                text4                          007EE0  000012  007EF2      3F70       0  CODE    
                text8                          007EF2  000018  007F0A      3F79       0  CODE    
                text6                          007F0A  000024  007F2E      3F85       0  CODE    
                text5                          007F2E  000028  007F56      3F97       0  CODE    
                text0                          007F56  000044  007F9A      3FAB       0  CODE    
                text7                          007F9A  000062  007FFC      3FCD       0  CODE    
                init                           007FFC  000004  008000      3FFE       0  CODE    
                idloc                          200000  000010  200010    200000       0  IDLOC   
                config                         300000  00000A  30000A    300000       0  CONFIG  


UNUSED ADDRESS RANGES

        Name                Unused          Largest block    Delta
        BANK0            000060-0000FF               A0
        BANK1            000100-0001FF              100
        BANK2            000200-0002FF              100
        BANK3            000300-0003FF              100
        BANK4            000400-0004FF              100
        BANK5            000500-0005FF              100
        BANK6            000600-0006FF              100
        BANK7            000700-0007FF              100
        BIGRAM           000003-0007FF              7FD
        CODE             000004-007ECD             7ECA
        COMRAM           000003-00005F               5D
        CONST            000004-007ECD             7ECA
        EEDATA           310000-3100FF              100
        MEDIUMCONST      000800-007ECD             76CE
        RAM              000060-0007FF              100
        SFR              003800-003FFF              100
        SMALLCONST       000800-007ECD              100
        STACK            000060-0007FF              7A0

                                  Symbol Table

_ANSELA                          (abs)        003A40
_ANSELB                          (abs)        003A50
_ANSELC                          (abs)        003A60
_INLVLA                          (abs)        003A44
_INLVLB                          (abs)        003A54
_INLVLC                          (abs)        003A64
_INLVLE                          (abs)        003A84
_LATA                            (abs)        003FBA
_LATB                            (abs)        003FBB
_LATC                            (abs)        003FBC
_ODCONA                          (abs)        003A42
_ODCONB                          (abs)        003A52
_ODCONC                          (abs)        003A62
_OSCCON1                         (abs)        0039D9
_OSCCON3                         (abs)        0039DB
_OSCEN                           (abs)        0039DD
_OSCFRQ                          (abs)        0039DF
_OSCILLATOR_Initialize           text8        007EF2
_OSCTUNE                         (abs)        0039DE
_PIN_MANAGER_Initialize          text7        007F9A
_PMD0                            (abs)        0039C0
_PMD1                            (abs)        0039C1
_PMD2                            (abs)        0039C2
_PMD3                            (abs)        0039C3
_PMD4                            (abs)        0039C4
_PMD5                            (abs)        0039C5
_PMD6                            (abs)        0039C6
_PMD7                            (abs)        0039C7
_PMD_Initialize                  text6        007F0A
_PORTA                           (abs)        003FCA
_RB1I2C                          (abs)        003A5A
_RB2I2C                          (abs)        003A5B
_RC3I2C                          (abs)        003A6A
_RC4I2C                          (abs)        003A6B
_SLRCONA                         (abs)        003A43
_SLRCONB                         (abs)        003A53
_SLRCONC                         (abs)        003A63
_SMT1CLK                         (abs)        003F21
_SMT1CON0                        (abs)        003F1E
_SMT1CON0bits                    (abs)        003F1E
_SMT1CON1                        (abs)        003F1F
_SMT1CON1bits                    (abs)        003F1F
_SMT1CPR                         (abs)        003F15
_SMT1CPW                         (abs)        003F18
_SMT1PR                          (abs)        003F1B
_SMT1PRH                         (abs)        003F1C
_SMT1PRL                         (abs)        003F1B
_SMT1PRU                         (abs)        003F1D
_SMT1SIG                         (abs)        003F22
_SMT1SIGPPS                      (abs)        003AD2
_SMT1STAT                        (abs)        003F20
_SMT1STATbits                    (abs)        003F20
_SMT1TMR                         (abs)        003F12
_SMT1WIN                         (abs)        003F23
_SMT1WINPPS                      (abs)        003AD1
_SMT1_Initialize                 text5        007F2E
_SYSTEM_Initialize               text4        007EE0
_TRISA                           (abs)        003FC2
_TRISB                           (abs)        003FC3
_TRISC                           (abs)        003FC4
_WPUA                            (abs)        003A41
_WPUB                            (abs)        003A51
_WPUC                            (abs)        003A61
_WPUE                            (abs)        003A81
__CFG_BBEN$OFF                   (abs)        000000
__CFG_BBSIZE$BBSIZE_512          (abs)        000000
__CFG_BOREN$SBORDIS              (abs)        000000
__CFG_BORV$VBOR_2P45             (abs)        000000
__CFG_CLKOUTEN$OFF               (abs)        000000
__CFG_CP$OFF                     (abs)        000000
__CFG_CSWEN$ON                   (abs)        000000
__CFG_DEBUG$OFF                  (abs)        000000
__CFG_FCMEN$ON                   (abs)        000000
__CFG_FEXTOSC$OFF                (abs)        000000
__CFG_IVT1WAY$ON                 (abs)        000000
__CFG_LPBOREN$OFF                (abs)        000000
__CFG_LVP$ON                     (abs)        000000
__CFG_MCLRE$EXTMCLR              (abs)        000000
__CFG_MVECEN$OFF                 (abs)        000000
__CFG_PPS1WAY$ON                 (abs)        000000
__CFG_PR1WAY$ON                  (abs)        000000
__CFG_PWRTS$PWRT_OFF             (abs)        000000
__CFG_RSTOSC$HFINTOSC_1MHZ       (abs)        000000
__CFG_SAFEN$OFF                  (abs)        000000
__CFG_STVREN$ON                  (abs)        000000
__CFG_WDTCCS$SC                  (abs)        000000
__CFG_WDTCPS$WDTCPS_31           (abs)        000000
__CFG_WDTCWS$WDTCWS_7            (abs)        000000
__CFG_WDTE$OFF                   (abs)        000000
__CFG_WRTAPP$OFF                 (abs)        000000
__CFG_WRTB$OFF                   (abs)        000000
__CFG_WRTC$OFF                   (abs)        000000
__CFG_WRTD$OFF                   (abs)        000000
__CFG_WRTSAF$OFF                 (abs)        000000
__CFG_XINST$OFF                  (abs)        000000
__CFG_ZCD$OFF                    (abs)        000000
__HRAM                           (abs)        000000
__Habs1                          abs1         000000
__Hbank0                         bank0        000000
__Hbank1                         bank1        000000
__Hbank2                         bank2        000000
__Hbank3                         bank3        000000
__Hbank4                         bank4        000000
__Hbank5                         bank5        000000
__Hbank6                         bank6        000000
__Hbank7                         bank7        000000
__Hbigbss                        bigbss       000000
__Hbigdata                       bigdata      000000
__Hbigram                        bigram       000000
__Hbss                           bss          000000
__Hcinit                         cinit        000000
__Hclrtext                       clrtext      000000
__Hcomram                        comram       000000
__Hconfig                        config       30000A
__Hconst                         const        000000
__HcstackCOMRAM                  cstackCOMRAM 000000
__Hdata                          data         000000
__Heeprom_data                   eeprom_data  000000
__Hfarbss                        farbss       000000
__Hfardata                       fardata      000000
__Hibigdata                      ibigdata     000000
__Hidata                         idata        000000
__Hidloc                         idloc        200010
__Hifardata                      ifardata     000000
__Hinit                          init         008000
__Hintsave_regs                  intsave_regs 000000
__Hirdata                        irdata       000000
__Hmediumconst                   mediumconst  000000
__HnvFARRAM                      nvFARRAM     000000
__Hnvbit                         nvbit        000000
__Hnvrram                        nvrram       000000
__Hparam                         rparam       000000
__Hpowerup                       powerup      000000
__Hram                           ram          000000
__Hramtop                        ramtop       000800
__Hrbit                          rbit         000000
__Hrbss                          rbss         000000
__Hrdata                         rdata        000000
__Hreset_vec                     reset_vec    000004
__Hrparam                        rparam       000000
__Hsfr                           sfr          000000
__Hsmallconst                    smallconst   000000
__Hspace_0                       (abs)        30000A
__Hspace_1                       (abs)        000003
__Hspace_2                       (abs)        000000
__Hstack                         stack        000000
__Hstruct                        struct       000000
__Htemp                          temp         000000
__Htext                          text         000000
__Htext0                         text0        000000
__Htext1                         text1        000000
__Htext2                         text2        000000
__Htext3                         text3        000000
__Htext4                         text4        000000
__Htext5                         text5        000000
__Htext6                         text6        000000
__Htext7                         text7        000000
__Htext8                         text8        000000
__LRAM                           (abs)        000001
__Labs1                          abs1         000000
__Lbank0                         bank0        000000
__Lbank1                         bank1        000000
__Lbank2                         bank2        000000
__Lbank3                         bank3        000000
__Lbank4                         bank4        000000
__Lbank5                         bank5        000000
__Lbank6                         bank6        000000
__Lbank7                         bank7        000000
__Lbigbss                        bigbss       000000
__Lbigdata                       bigdata      000000
__Lbigram                        bigram       000000
__Lbss                           bss          000000
__Lcinit                         cinit        000000
__Lclrtext                       clrtext      000000
__Lcomram                        comram       000000
__Lconfig                        config       300000
__Lconst                         const        000000
__LcstackCOMRAM                  cstackCOMRAM 000000
__Ldata                          data         000000
__Leeprom_data                   eeprom_data  000000
__Lfarbss                        farbss       000000
__Lfardata                       fardata      000000
__Libigdata                      ibigdata     000000
__Lidata                         idata        000000
__Lidloc                         idloc        200000
__Lifardata                      ifardata     000000
__Linit                          init         007FFC
__Lintsave_regs                  intsave_regs 000000
__Lirdata                        irdata       000000
__Lmediumconst                   mediumconst  000000
__LnvFARRAM                      nvFARRAM     000000
__Lnvbit                         nvbit        000000
__Lnvrram                        nvrram       000000
__Lparam                         rparam       000000
__Lpowerup                       powerup      000000
__Lram                           ram          000000
__Lramtop                        ramtop       000800
__Lrbit                          rbit         000000
__Lrbss                          rbss         000000
__Lrdata                         rdata        000000
__Lreset_vec                     reset_vec    000000
__Lrparam                        rparam       000000
__Lsfr                           sfr          000000
__Lsmallconst                    smallconst   000000
__Lspace_0                       (abs)        000000
__Lspace_1                       (abs)        000000
__Lspace_2                       (abs)        000000
__Lstack                         stack        000000
__Lstruct                        struct       000000
__Ltemp                          temp         000000
__Ltext                          text         000000
__Ltext0                         text0        000000
__Ltext1                         text1        000000
__Ltext2                         text2        000000
__Ltext3                         text3        000000
__Ltext4                         text4        000000
__Ltext5                         text5        000000
__Ltext6                         text6        000000
__Ltext7                         text7        000000
__Ltext8                         text8        000000
__S0                             (abs)        30000A
__S1                             (abs)        000003
__S2                             (abs)        000000
___inthi_sp                      stack        000000
___intlo_sp                      stack        000000
___param_bank                    (abs)        000000
___rparam_used                   (abs)        000001
___sp                            stack        000000
__accesstop                      (abs)        000060
__activetblptr                   (abs)        000000
__end_of_OSCILLATOR_Initialize   text8        007F0A
__end_of_PIN_MANAGER_Initialize  text7        007FFC
__end_of_PMD_Initialize          text6        007F2E
__end_of_SMT1_Initialize         text5        007F56
__end_of_SYSTEM_Initialize       text4        007EF2
__end_of__initialization         cinit        007EDA
__end_of_main                    text0        007F9A
__end_of_vHILLED_Clear           text3        007ED2
__end_of_vHILLED_Init            text2        007ED6
__end_of_vHILLED_Set             text1        007EDA
__initialization                 cinit        007EDA
__mediumconst                    mediumconst  000000
__pcinit                         cinit        007EDA
__pcstackCOMRAM                  cstackCOMRAM 000001
__ptext0                         text0        007F56
__ptext1                         text1        007ED6
__ptext2                         text2        007ED2
__ptext3                         text3        007ECE
__ptext4                         text4        007EE0
__ptext5                         text5        007F2E
__ptext6                         text6        007F0A
__ptext7                         text7        007F9A
__ptext8                         text8        007EF2
__ramtop                         ramtop       000800
__size_of_OSCILLATOR_Initialize  (abs)        000000
__size_of_PIN_MANAGER_Initialize (abs)        000000
__size_of_PMD_Initialize         (abs)        000000
__size_of_SMT1_Initialize        (abs)        000000
__size_of_SYSTEM_Initialize      (abs)        000000
__size_of_main                   (abs)        000000
__size_of_vHILLED_Clear          (abs)        000000
__size_of_vHILLED_Init           (abs)        000000
__size_of_vHILLED_Set            (abs)        000000
__smallconst                     smallconst   000000
_main                            text0        007F56
_vHILLED_Clear                   text3        007ECE
_vHILLED_Init                    text2        007ED2
_vHILLED_Set                     text1        007ED6
end_of_initialization            cinit        007EDA
intlevel0                        text         000000
intlevel1                        text         000000
intlevel2                        text         000000
intlevel3                        text         000000
stackhi                          (abs)        0007FF
stacklo                          (abs)        000060
start                            init         007FFC
start_initialization             cinit        007EDA


FUNCTION INFORMATION:

 *************** function _main *****************
 Defined at:
		line 7 in file "main.c"
 Parameters:    Size  Location     Type
		None
 Auto vars:     Size  Location     Type
		None
 Return value:  Size  Location     Type
                  1    wreg      void 
 Registers used:
		wreg, status,2, status,0, cstack
 Tracked objects:
		On entry : 
		On exit  : 
		Unchanged: 
 Data sizes:     COMRAM   BANK0   BANK1   BANK2   BANK3   BANK4   BANK5   BANK6   BANK7
      Params:         0       0       0       0       0       0       0       0       0
      Locals:         0       0       0       0       0       0       0       0       0
      Temps:          2       0       0       0       0       0       0       0       0
      Totals:         2       0       0       0       0       0       0       0       0
Total ram usage:        2 bytes
 Hardware stack levels required when called:    2
 This function calls:
		_SYSTEM_Initialize
		_vHILLED_Clear
		_vHILLED_Init
		_vHILLED_Set
 This function is called by:
		Startup code after reset
 This function uses a non-reentrant model


 *************** function _vHILLED_Set *****************
 Defined at:
		line 17 in file "src/HIL/hil_led.c"
 Parameters:    Size  Location     Type
		None
 Auto vars:     Size  Location     Type
		None
 Return value:  Size  Location     Type
                  1    wreg      void 
 Registers used:
		status,2, status,0
 Tracked objects:
		On entry : 
		On exit  : 
		Unchanged: 
 Data sizes:     COMRAM   BANK0   BANK1   BANK2   BANK3   BANK4   BANK5   BANK6   BANK7
      Params:         0       0       0       0       0       0       0       0       0
      Locals:         0       0       0       0       0       0       0       0       0
      Temps:          0       0       0       0       0       0       0       0       0
      Totals:         0       0       0       0       0       0       0       0       0
Total ram usage:        0 bytes
 Hardware stack levels used:    1
 This function calls:
		Nothing
 This function is called by:
		_main
 This function uses a non-reentrant model


 *************** function _vHILLED_Init *****************
 Defined at:
		line 10 in file "src/HIL/hil_led.c"
 Parameters:    Size  Location     Type
		None
 Auto vars:     Size  Location     Type
		None
 Return value:  Size  Location     Type
                  1    wreg      void 
 Registers used:
		status,2, status,0
 Tracked objects:
		On entry : 
		On exit  : 
		Unchanged: 
 Data sizes:     COMRAM   BANK0   BANK1   BANK2   BANK3   BANK4   BANK5   BANK6   BANK7
      Params:         0       0       0       0       0       0       0       0       0
      Locals:         0       0       0       0       0       0       0       0       0
      Temps:          0       0       0       0       0       0       0       0       0
      Totals:         0       0       0       0       0       0       0       0       0
Total ram usage:        0 bytes
 Hardware stack levels used:    1
 This function calls:
		Nothing
 This function is called by:
		_main
 This function uses a non-reentrant model


 *************** function _vHILLED_Clear *****************
 Defined at:
		line 23 in file "src/HIL/hil_led.c"
 Parameters:    Size  Location     Type
		None
 Auto vars:     Size  Location     Type
		None
 Return value:  Size  Location     Type
                  1    wreg      void 
 Registers used:
		status,2, status,0
 Tracked objects:
		On entry : 
		On exit  : 
		Unchanged: 
 Data sizes:     COMRAM   BANK0   BANK1   BANK2   BANK3   BANK4   BANK5   BANK6   BANK7
      Params:         0       0       0       0       0       0       0       0       0
      Locals:         0       0       0       0       0       0       0       0       0
      Temps:          0       0       0       0       0       0       0       0       0
      Totals:         0       0       0       0       0       0       0       0       0
Total ram usage:        0 bytes
 Hardware stack levels used:    1
 This function calls:
		Nothing
 This function is called by:
		_main
 This function uses a non-reentrant model


 *************** function _SYSTEM_Initialize *****************
 Defined at:
		line 50 in file "mcc_generated_files/mcc.c"
 Parameters:    Size  Location     Type
		None
 Auto vars:     Size  Location     Type
		None
 Return value:  Size  Location     Type
                  1    wreg      void 
 Registers used:
		wreg, status,2, cstack
 Tracked objects:
		On entry : 
		On exit  : 
		Unchanged: 
 Data sizes:     COMRAM   BANK0   BANK1   BANK2   BANK3   BANK4   BANK5   BANK6   BANK7
      Params:         0       0       0       0       0       0       0       0       0
      Locals:         0       0       0       0       0       0       0       0       0
      Temps:          0       0       0       0       0       0       0       0       0
      Totals:         0       0       0       0       0       0       0       0       0
Total ram usage:        0 bytes
 Hardware stack levels used:    1
 Hardware stack levels required when called:    1
 This function calls:
		_OSCILLATOR_Initialize
		_PIN_MANAGER_Initialize
		_PMD_Initialize
		_SMT1_Initialize
 This function is called by:
		_main
 This function uses a non-reentrant model


 *************** function _SMT1_Initialize *****************
 Defined at:
		line 59 in file "mcc_generated_files/smt1.c"
 Parameters:    Size  Location     Type
		None
 Auto vars:     Size  Location     Type
		None
 Return value:  Size  Location     Type
                  1    wreg      void 
 Registers used:
		wreg, status,2
 Tracked objects:
		On entry : 
		On exit  : 
		Unchanged: 
 Data sizes:     COMRAM   BANK0   BANK1   BANK2   BANK3   BANK4   BANK5   BANK6   BANK7
      Params:         0       0       0       0       0       0       0       0       0
      Locals:         0       0       0       0       0       0       0       0       0
      Temps:          0       0       0       0       0       0       0       0       0
      Totals:         0       0       0       0       0       0       0       0       0
Total ram usage:        0 bytes
 Hardware stack levels used:    1
 This function calls:
		Nothing
 This function is called by:
		_SYSTEM_Initialize
 This function uses a non-reentrant model


 *************** function _PMD_Initialize *****************
 Defined at:
		line 72 in file "mcc_generated_files/mcc.c"
 Parameters:    Size  Location     Type
		None
 Auto vars:     Size  Location     Type
		None
 Return value:  Size  Location     Type
                  1    wreg      void 
 Registers used:
		wreg, status,2
 Tracked objects:
		On entry : 
		On exit  : 
		Unchanged: 
 Data sizes:     COMRAM   BANK0   BANK1   BANK2   BANK3   BANK4   BANK5   BANK6   BANK7
      Params:         0       0       0       0       0       0       0       0       0
      Locals:         0       0       0       0       0       0       0       0       0
      Temps:          0       0       0       0       0       0       0       0       0
      Totals:         0       0       0       0       0       0       0       0       0
Total ram usage:        0 bytes
 Hardware stack levels used:    1
 This function calls:
		Nothing
 This function is called by:
		_SYSTEM_Initialize
 This function uses a non-reentrant model


 *************** function _PIN_MANAGER_Initialize *****************
 Defined at:
		line 55 in file "mcc_generated_files/pin_manager.c"
 Parameters:    Size  Location     Type
		None
 Auto vars:     Size  Location     Type
		None
 Return value:  Size  Location     Type
                  1    wreg      void 
 Registers used:
		wreg, status,2
 Tracked objects:
		On entry : 
		On exit  : 
		Unchanged: 
 Data sizes:     COMRAM   BANK0   BANK1   BANK2   BANK3   BANK4   BANK5   BANK6   BANK7
      Params:         0       0       0       0       0       0       0       0       0
      Locals:         0       0       0       0       0       0       0       0       0
      Temps:          0       0       0       0       0       0       0       0       0
      Totals:         0       0       0       0       0       0       0       0       0
Total ram usage:        0 bytes
 Hardware stack levels used:    1
 This function calls:
		Nothing
 This function is called by:
		_SYSTEM_Initialize
 This function uses a non-reentrant model


 *************** function _OSCILLATOR_Initialize *****************
 Defined at:
		line 58 in file "mcc_generated_files/mcc.c"
 Parameters:    Size  Location     Type
		None
 Auto vars:     Size  Location     Type
		None
 Return value:  Size  Location     Type
                  1    wreg      void 
 Registers used:
		wreg, status,2
 Tracked objects:
		On entry : 
		On exit  : 
		Unchanged: 
 Data sizes:     COMRAM   BANK0   BANK1   BANK2   BANK3   BANK4   BANK5   BANK6   BANK7
      Params:         0       0       0       0       0       0       0       0       0
      Locals:         0       0       0       0       0       0       0       0       0
      Temps:          0       0       0       0       0       0       0       0       0
      Totals:         0       0       0       0       0       0       0       0       0
Total ram usage:        0 bytes
 Hardware stack levels used:    1
 This function calls:
		Nothing
 This function is called by:
		_SYSTEM_Initialize
 This function uses a non-reentrant model



MODULE INFORMATION

Module		Function		Class		Link	Load	Size
mcc_generated_files/pin_manager.c
		_PIN_MANAGER_Initialize		CODE           	7F9A	0000	99

mcc_generated_files/pin_manager.c estimated size: 99

shared
		__initialization		CODE           	7EDA	0000	1

shared estimated size: 1

mcc_generated_files/smt1.c
		_SMT1_Initialize		CODE           	7F2E	0000	41

mcc_generated_files/smt1.c estimated size: 41

mcc_generated_files/mcc.c
		_PMD_Initialize		CODE           	7F0A	0000	37
		_OSCILLATOR_Initialize		CODE           	7EF2	0000	25
		_SYSTEM_Initialize		CODE           	7EE0	0000	19

mcc_generated_files/mcc.c estimated size: 81

src/HIL/hil_led.c
		_vHILLED_Set   		CODE           	7ED6	0000	5
		_vHILLED_Init  		CODE           	7ED2	0000	5
		_vHILLED_Clear 		CODE           	7ECE	0000	5

src/HIL/hil_led.c estimated size: 15

main.c
		_main          		CODE           	7F56	0000	69

main.c estimated size: 69

